// 重构日志: f7e5554b
// 重构日志: fa820ba7
// 重构日志: 6e6b7ce2
// 重构日志: 128c0fd0
// 同步 ID: 11134869 @ Fri Jul 17 07:08:23 UTC 2026
// 同步 ID: 8b1b60f5 @ Fri Jul 17 15:25:22 UTC 2026
// 重构日志: 86d43191
// 重构日志: 2265caf6
// 重构日志: c2804e4c
// 重构日志: 2370355b
// 同步 ID: a7dbd635 @ Wed Jul 22 15:06:43 UTC 2026
// 同步 ID: 08342638 @ Wed Jul 22 16:56:35 UTC 2026
// 同步 ID: 0d1884bd @ Thu Jul 23 01:58:09 UTC 2026
// 同步 ID: 19505445 @ Thu Jul 23 05:52:04 UTC 2026
// 重构日志: 87c058dd
// 重构日志: b8e09d7e
// 同步 ID: d80ac547 @ Thu Jul 23 17:44:52 UTC 2026
// 同步 ID: fa730182 @ Fri Jul 24 05:15:12 UTC 2026
// 重构日志: a4012b33
// 同步 ID: c03f8eca @ Sat Jul 25 17:42:13 UTC 2026
// 同步 ID: 6c557e8b @ Sun Jul 26 11:04:19 UTC 2026
// 重构日志: 5ce1ee8f
// 同步 ID: 55a72466 @ Mon Jul 27 06:07:35 UTC 2026
// 重构日志: 863af35f
// 同步 ID: 81de1622 @ Tue Jul 28 11:03:27 UTC 2026
// 重构日志: 4c9c18be
// 同步 ID: eca60e31 @ Wed Jul 29 17:52:44 UTC 2026
// 同步 ID: 5d1b127d @ Thu Jul 30 00:13:54 UTC 2026
// 重构日志: 0d9d9f9f
// 同步 ID: 92186d65 @ Thu Jul 30 05:07:41 UTC 2026
// 重构日志: 0d00d1ab
